// Jest Snapshot v1, https://jestjs.io/docs/snapshot-testing

exports[`Banner renders a link to /collections/sales 1`] = `
<div>
  <a
    class="w-full"
    href="/collections/sales"
  >
    <img
      alt="Product"
      class="w-full h-auto lg:h-[500px]"
      data-nimg="1"
      decoding="async"
      height="0"
      sizes="100vw"
      src="/_next/image?url=%2Fbanner.webp&w=3840&q=75"
      srcset="/_next/image?url=%2Fbanner.webp&w=640&q=75 640w, /_next/image?url=%2Fbanner.webp&w=750&q=75 750w, /_next/image?url=%2Fbanner.webp&w=828&q=75 828w, /_next/image?url=%2Fbanner.webp&w=1080&q=75 1080w, /_next/image?url=%2Fbanner.webp&w=1200&q=75 1200w, /_next/image?url=%2Fbanner.webp&w=1920&q=75 1920w, /_next/image?url=%2Fbanner.webp&w=2048&q=75 2048w, /_next/image?url=%2Fbanner.webp&w=3840&q=75 3840w"
      style="color: transparent;"
      width="0"
    />
  </a>
</div>
`;
